[1.710s] Invoking command in '/home/tpi5/391_Project_pi/391_ws/src/joystick_controller': PYTHONPATH=/home/tpi5/391_Project_pi/391_ws/build/joystick_controller/prefix_override:/usr/lib/python3/dist-packages/colcon_core/task/python/colcon_distutils_commands:/home/tpi5/391_Project_pi/391_ws/install/joystick_controller/lib/python3.12/site-packages:${PYTHONPATH} /usr/bin/python3 -W ignore:setup.py install is deprecated -W ignore:easy_install command is deprecated setup.py egg_info --egg-base ../../build/joystick_controller build --build-base /home/tpi5/391_Project_pi/391_ws/build/joystick_controller/build install --record /home/tpi5/391_Project_pi/391_ws/build/joystick_controller/install.log --single-version-externally-managed install_data
[2.177s] running egg_info
[2.203s] writing ../../build/joystick_controller/joystick_controller.egg-info/PKG-INFO
[2.204s] writing dependency_links to ../../build/joystick_controller/joystick_controller.egg-info/dependency_links.txt
[2.206s] writing entry points to ../../build/joystick_controller/joystick_controller.egg-info/entry_points.txt
[2.208s] writing requirements to ../../build/joystick_controller/joystick_controller.egg-info/requires.txt
[2.209s] writing top-level names to ../../build/joystick_controller/joystick_controller.egg-info/top_level.txt
[2.266s] reading manifest file '../../build/joystick_controller/joystick_controller.egg-info/SOURCES.txt'
[2.267s] writing manifest file '../../build/joystick_controller/joystick_controller.egg-info/SOURCES.txt'
[2.268s] running build
[2.268s] running build_py
[2.270s] running install
[2.285s] running install_lib
[2.315s] running install_data
[2.315s] running install_egg_info
[2.345s] removing '/home/tpi5/391_Project_pi/391_ws/install/joystick_controller/lib/python3.12/site-packages/joystick_controller-0.0.0-py3.12.egg-info' (and everything under it)
[2.348s] Copying ../../build/joystick_controller/joystick_controller.egg-info to /home/tpi5/391_Project_pi/391_ws/install/joystick_controller/lib/python3.12/site-packages/joystick_controller-0.0.0-py3.12.egg-info
[2.349s] running install_scripts
[2.636s] Installing joystick_node script to /home/tpi5/391_Project_pi/391_ws/install/joystick_controller/lib/joystick_controller
[2.678s] writing list of installed files to '/home/tpi5/391_Project_pi/391_ws/build/joystick_controller/install.log'
[2.799s] Invoked command in '/home/tpi5/391_Project_pi/391_ws/src/joystick_controller' returned '0': PYTHONPATH=/home/tpi5/391_Project_pi/391_ws/build/joystick_controller/prefix_override:/usr/lib/python3/dist-packages/colcon_core/task/python/colcon_distutils_commands:/home/tpi5/391_Project_pi/391_ws/install/joystick_controller/lib/python3.12/site-packages:${PYTHONPATH} /usr/bin/python3 -W ignore:setup.py install is deprecated -W ignore:easy_install command is deprecated setup.py egg_info --egg-base ../../build/joystick_controller build --build-base /home/tpi5/391_Project_pi/391_ws/build/joystick_controller/build install --record /home/tpi5/391_Project_pi/391_ws/build/joystick_controller/install.log --single-version-externally-managed install_data
