[2.483s] Invoking command in '/home/tpi5/391_Project_pi/391_ws/src/drive_controller': PYTHONPATH=/home/tpi5/391_Project_pi/391_ws/build/drive_controller/prefix_override:/usr/lib/python3/dist-packages/colcon_core/task/python/colcon_distutils_commands:/home/tpi5/391_Project_pi/391_ws/install/drive_controller/lib/python3.12/site-packages:${PYTHONPATH} /usr/bin/python3 -W ignore:setup.py install is deprecated -W ignore:easy_install command is deprecated setup.py egg_info --egg-base ../../build/drive_controller build --build-base /home/tpi5/391_Project_pi/391_ws/build/drive_controller/build install --record /home/tpi5/391_Project_pi/391_ws/build/drive_controller/install.log --single-version-externally-managed install_data
[2.985s] running egg_info
[3.015s] writing ../../build/drive_controller/drive_controller.egg-info/PKG-INFO
[3.015s] writing dependency_links to ../../build/drive_controller/drive_controller.egg-info/dependency_links.txt
[3.017s] writing entry points to ../../build/drive_controller/drive_controller.egg-info/entry_points.txt
[3.017s] writing requirements to ../../build/drive_controller/drive_controller.egg-info/requires.txt
[3.019s] writing top-level names to ../../build/drive_controller/drive_controller.egg-info/top_level.txt
[3.071s] reading manifest file '../../build/drive_controller/drive_controller.egg-info/SOURCES.txt'
[3.072s] writing manifest file '../../build/drive_controller/drive_controller.egg-info/SOURCES.txt'
[3.073s] running build
[3.073s] running build_py
[3.073s] running install
[3.083s] running install_lib
[3.109s] running install_data
[3.110s] running install_egg_info
[3.136s] removing '/home/tpi5/391_Project_pi/391_ws/install/drive_controller/lib/python3.12/site-packages/drive_controller-0.0.0-py3.12.egg-info' (and everything under it)
[3.136s] Copying ../../build/drive_controller/drive_controller.egg-info to /home/tpi5/391_Project_pi/391_ws/install/drive_controller/lib/python3.12/site-packages/drive_controller-0.0.0-py3.12.egg-info
[3.142s] running install_scripts
[3.409s] Installing drive_node script to /home/tpi5/391_Project_pi/391_ws/install/drive_controller/lib/drive_controller
[3.411s] writing list of installed files to '/home/tpi5/391_Project_pi/391_ws/build/drive_controller/install.log'
[3.556s] Invoked command in '/home/tpi5/391_Project_pi/391_ws/src/drive_controller' returned '0': PYTHONPATH=/home/tpi5/391_Project_pi/391_ws/build/drive_controller/prefix_override:/usr/lib/python3/dist-packages/colcon_core/task/python/colcon_distutils_commands:/home/tpi5/391_Project_pi/391_ws/install/drive_controller/lib/python3.12/site-packages:${PYTHONPATH} /usr/bin/python3 -W ignore:setup.py install is deprecated -W ignore:easy_install command is deprecated setup.py egg_info --egg-base ../../build/drive_controller build --build-base /home/tpi5/391_Project_pi/391_ws/build/drive_controller/build install --record /home/tpi5/391_Project_pi/391_ws/build/drive_controller/install.log --single-version-externally-managed install_data
