[2.494s] Invoking command in '/home/tpi5/391_Project_pi/391_ws/src/joystick_controller': PYTHONPATH=/home/tpi5/391_Project_pi/391_ws/build/joystick_controller/prefix_override:/usr/lib/python3/dist-packages/colcon_core/task/python/colcon_distutils_commands:/home/tpi5/391_Project_pi/391_ws/install/joystick_controller/lib/python3.12/site-packages:${PYTHONPATH} /usr/bin/python3 -W ignore:setup.py install is deprecated -W ignore:easy_install command is deprecated setup.py egg_info --egg-base ../../build/joystick_controller build --build-base /home/tpi5/391_Project_pi/391_ws/build/joystick_controller/build install --record /home/tpi5/391_Project_pi/391_ws/build/joystick_controller/install.log --single-version-externally-managed install_data
[3.050s] running egg_info
[3.074s] writing ../../build/joystick_controller/joystick_controller.egg-info/PKG-INFO
[3.074s] writing dependency_links to ../../build/joystick_controller/joystick_controller.egg-info/dependency_links.txt
[3.078s] writing entry points to ../../build/joystick_controller/joystick_controller.egg-info/entry_points.txt
[3.079s] writing requirements to ../../build/joystick_controller/joystick_controller.egg-info/requires.txt
[3.079s] writing top-level names to ../../build/joystick_controller/joystick_controller.egg-info/top_level.txt
[3.135s] reading manifest file '../../build/joystick_controller/joystick_controller.egg-info/SOURCES.txt'
[3.137s] writing manifest file '../../build/joystick_controller/joystick_controller.egg-info/SOURCES.txt'
[3.138s] running build
[3.138s] running build_py
[3.139s] running install
[3.149s] running install_lib
[3.198s] running install_data
[3.199s] running install_egg_info
[3.227s] removing '/home/tpi5/391_Project_pi/391_ws/install/joystick_controller/lib/python3.12/site-packages/joystick_controller-0.0.0-py3.12.egg-info' (and everything under it)
[3.230s] Copying ../../build/joystick_controller/joystick_controller.egg-info to /home/tpi5/391_Project_pi/391_ws/install/joystick_controller/lib/python3.12/site-packages/joystick_controller-0.0.0-py3.12.egg-info
[3.231s] running install_scripts
[3.553s] Installing joystick_node script to /home/tpi5/391_Project_pi/391_ws/install/joystick_controller/lib/joystick_controller
[3.554s] writing list of installed files to '/home/tpi5/391_Project_pi/391_ws/build/joystick_controller/install.log'
[3.940s] Invoked command in '/home/tpi5/391_Project_pi/391_ws/src/joystick_controller' returned '0': PYTHONPATH=/home/tpi5/391_Project_pi/391_ws/build/joystick_controller/prefix_override:/usr/lib/python3/dist-packages/colcon_core/task/python/colcon_distutils_commands:/home/tpi5/391_Project_pi/391_ws/install/joystick_controller/lib/python3.12/site-packages:${PYTHONPATH} /usr/bin/python3 -W ignore:setup.py install is deprecated -W ignore:easy_install command is deprecated setup.py egg_info --egg-base ../../build/joystick_controller build --build-base /home/tpi5/391_Project_pi/391_ws/build/joystick_controller/build install --record /home/tpi5/391_Project_pi/391_ws/build/joystick_controller/install.log --single-version-externally-managed install_data
